Archive member included to satisfy reference by file (symbol)

/home/godmaze/st/stm32cubeide_1.16.1/plugins/com.st.stm32cube.ide.mcu.externaltools.gnu-tools-for-stm32.12.3.rel1.linux64_1.0.200.202406132123/tools/bin/../lib/gcc/arm-none-eabi/12.3.1/../../../../arm-none-eabi/lib/thumb/v7e-m+fp/hard/libc_nano.a(libc_a-exit.o)
                              /home/godmaze/st/stm32cubeide_1.16.1/plugins/com.st.stm32cube.ide.mcu.externaltools.gnu-tools-for-stm32.12.3.rel1.linux64_1.0.200.202406132123/tools/bin/../lib/gcc/arm-none-eabi/12.3.1/../../../../arm-none-eabi/lib/thumb/v7e-m+fp/hard/crt0.o (exit)
/home/godmaze/st/stm32cubeide_1.16.1/plugins/com.st.stm32cube.ide.mcu.externaltools.gnu-tools-for-stm32.12.3.rel1.linux64_1.0.200.202406132123/tools/bin/../lib/gcc/arm-none-eabi/12.3.1/../../../../arm-none-eabi/lib/thumb/v7e-m+fp/hard/libc_nano.a(libc_a-findfp.o)
                              /home/godmaze/st/stm32cubeide_1.16.1/plugins/com.st.stm32cube.ide.mcu.externaltools.gnu-tools-for-stm32.12.3.rel1.linux64_1.0.200.202406132123/tools/bin/../lib/gcc/arm-none-eabi/12.3.1/../../../../arm-none-eabi/lib/thumb/v7e-m+fp/hard/libc_nano.a(libc_a-exit.o) (__stdio_exit_handler)
/home/godmaze/st/stm32cubeide_1.16.1/plugins/com.st.stm32cube.ide.mcu.externaltools.gnu-tools-for-stm32.12.3.rel1.linux64_1.0.200.202406132123/tools/bin/../lib/gcc/arm-none-eabi/12.3.1/../../../../arm-none-eabi/lib/thumb/v7e-m+fp/hard/libc_nano.a(libc_a-fwalk.o)
                              /home/godmaze/st/stm32cubeide_1.16.1/plugins/com.st.stm32cube.ide.mcu.externaltools.gnu-tools-for-stm32.12.3.rel1.linux64_1.0.200.202406132123/tools/bin/../lib/gcc/arm-none-eabi/12.3.1/../../../../arm-none-eabi/lib/thumb/v7e-m+fp/hard/libc_nano.a(libc_a-findfp.o) (_fwalk_sglue)
/home/godmaze/st/stm32cubeide_1.16.1/plugins/com.st.stm32cube.ide.mcu.externaltools.gnu-tools-for-stm32.12.3.rel1.linux64_1.0.200.202406132123/tools/bin/../lib/gcc/arm-none-eabi/12.3.1/../../../../arm-none-eabi/lib/thumb/v7e-m+fp/hard/libc_nano.a(libc_a-stdio.o)
                              /home/godmaze/st/stm32cubeide_1.16.1/plugins/com.st.stm32cube.ide.mcu.externaltools.gnu-tools-for-stm32.12.3.rel1.linux64_1.0.200.202406132123/tools/bin/../lib/gcc/arm-none-eabi/12.3.1/../../../../arm-none-eabi/lib/thumb/v7e-m+fp/hard/libc_nano.a(libc_a-findfp.o) (__sread)
/home/godmaze/st/stm32cubeide_1.16.1/plugins/com.st.stm32cube.ide.mcu.externaltools.gnu-tools-for-stm32.12.3.rel1.linux64_1.0.200.202406132123/tools/bin/../lib/gcc/arm-none-eabi/12.3.1/../../../../arm-none-eabi/lib/thumb/v7e-m+fp/hard/libc_nano.a(libc_a-memset.o)
                              /home/godmaze/st/stm32cubeide_1.16.1/plugins/com.st.stm32cube.ide.mcu.externaltools.gnu-tools-for-stm32.12.3.rel1.linux64_1.0.200.202406132123/tools/bin/../lib/gcc/arm-none-eabi/12.3.1/../../../../arm-none-eabi/lib/thumb/v7e-m+fp/hard/crt0.o (memset)
/home/godmaze/st/stm32cubeide_1.16.1/plugins/com.st.stm32cube.ide.mcu.externaltools.gnu-tools-for-stm32.12.3.rel1.linux64_1.0.200.202406132123/tools/bin/../lib/gcc/arm-none-eabi/12.3.1/../../../../arm-none-eabi/lib/thumb/v7e-m+fp/hard/libc_nano.a(libc_a-closer.o)
                              /home/godmaze/st/stm32cubeide_1.16.1/plugins/com.st.stm32cube.ide.mcu.externaltools.gnu-tools-for-stm32.12.3.rel1.linux64_1.0.200.202406132123/tools/bin/../lib/gcc/arm-none-eabi/12.3.1/../../../../arm-none-eabi/lib/thumb/v7e-m+fp/hard/libc_nano.a(libc_a-stdio.o) (_close_r)
/home/godmaze/st/stm32cubeide_1.16.1/plugins/com.st.stm32cube.ide.mcu.externaltools.gnu-tools-for-stm32.12.3.rel1.linux64_1.0.200.202406132123/tools/bin/../lib/gcc/arm-none-eabi/12.3.1/../../../../arm-none-eabi/lib/thumb/v7e-m+fp/hard/libc_nano.a(libc_a-reent.o)
                              /home/godmaze/st/stm32cubeide_1.16.1/plugins/com.st.stm32cube.ide.mcu.externaltools.gnu-tools-for-stm32.12.3.rel1.linux64_1.0.200.202406132123/tools/bin/../lib/gcc/arm-none-eabi/12.3.1/../../../../arm-none-eabi/lib/thumb/v7e-m+fp/hard/libc_nano.a(libc_a-closer.o) (errno)
/home/godmaze/st/stm32cubeide_1.16.1/plugins/com.st.stm32cube.ide.mcu.externaltools.gnu-tools-for-stm32.12.3.rel1.linux64_1.0.200.202406132123/tools/bin/../lib/gcc/arm-none-eabi/12.3.1/../../../../arm-none-eabi/lib/thumb/v7e-m+fp/hard/libc_nano.a(libc_a-impure.o)
                              /home/godmaze/st/stm32cubeide_1.16.1/plugins/com.st.stm32cube.ide.mcu.externaltools.gnu-tools-for-stm32.12.3.rel1.linux64_1.0.200.202406132123/tools/bin/../lib/gcc/arm-none-eabi/12.3.1/../../../../arm-none-eabi/lib/thumb/v7e-m+fp/hard/libc_nano.a(libc_a-reent.o) (_impure_ptr)
/home/godmaze/st/stm32cubeide_1.16.1/plugins/com.st.stm32cube.ide.mcu.externaltools.gnu-tools-for-stm32.12.3.rel1.linux64_1.0.200.202406132123/tools/bin/../lib/gcc/arm-none-eabi/12.3.1/../../../../arm-none-eabi/lib/thumb/v7e-m+fp/hard/libc_nano.a(libc_a-lseekr.o)
[...]
Memory Configuration

Name             Origin             Length             Attributes
CCMRAM           0x10000000         0x00001000         xrw
RAM              0x20000000         0x00003000         xrw
FLASH            0x08000000         0x00010000         xr
*default*        0x00000000         0xffffffff

Linker script and memory map

LOAD /home/godmaze/st/stm32cubeide_1.16.1/plugins/com.st.stm32cube.ide.mcu.externaltools.gnu-tools-for-stm32.12.3.rel1.linux64_1.0.200.202406132123/tools/bin/../lib/gcc/arm-none-eabi/12.3.1/thumb/v7e-m+fp/hard/crti.o
LOAD /home/godmaze/st/stm32cubeide_1.16.1/plugins/com.st.stm32cube.ide.mcu.externaltools.gnu-tools-for-stm32.12.3.rel1.linux64_1.0.200.202406132123/tools/bin/../lib/gcc/arm-none-eabi/12.3.1/thumb/v7e-m+fp/hard/crtbegin.o
LOAD /home/godmaze/st/stm32cubeide_1.16.1/plugins/com.st.stm32cube.ide.mcu.externaltools.gnu-tools-for-stm32.12.3.rel1.linux64_1.0.200.202406132123/tools/bin/../lib/gcc/arm-none-eabi/12.3.1/../../../../arm-none-eabi/lib/thumb/v7e-m+fp/hard/crt0.o
LOAD ./Core/Src/adc.o
LOAD ./Core/Src/gpio.o
LOAD ./Core/Src/main.o
LOAD ./Core/Src/spi.o
LOAD ./Core/Src/stm32f3xx_hal_msp.o
LOAD ./Core/Src/stm32f3xx_it.o
LOAD ./Core/Src/syscalls.o
LOAD ./Core/Src/sysmem.o
LOAD ./Core/Src/system_stm32f3xx.o
LOAD ./Core/Startup/startup_stm32f303k8tx.o
LOAD ./Drivers/STM32F3xx_HAL_Driver/Src/stm32f3xx_hal.o
LOAD ./Drivers/STM32F3xx_HAL_Driver/Src/stm32f3xx_hal_adc.o
LOAD ./Drivers/STM32F3xx_HAL_Driver/Src/stm32f3xx_hal_adc_ex.o
LOAD ./Drivers/STM32F3xx_HAL_Driver/Src/stm32f3xx_hal_cortex.o
LOAD ./Drivers/STM32F3xx_HAL_Driver/Src/stm32f3xx_hal_dma.o
LOAD ./Drivers/STM32F3xx_HAL_Driver/Src/stm32f3xx_hal_exti.o
LOAD ./Drivers/STM32F3xx_HAL_Driver/Src/stm32f3xx_hal_flash.o
LOAD ./Drivers/STM32F3xx_HAL_Driver/Src/stm32f3xx_hal_flash_ex.o
LOAD ./Drivers/STM32F3xx_HAL_Driver/Src/stm32f3xx_hal_gpio.o
LOAD ./Drivers/STM32F3xx_HAL_Driver/Src/stm32f3xx_hal_i2c.o
LOAD ./Drivers/STM32F3xx_HAL_Driver/Src/stm32f3xx_hal_i2c_ex.o
LOAD ./Drivers/STM32F3xx_HAL_Driver/Src/stm32f3xx_hal_pwr.o
LOAD ./Drivers/STM32F3xx_HAL_Driver/Src/stm32f3xx_hal_pwr_ex.o
LOAD ./Drivers/STM32F3xx_HAL_Driver/Src/stm32f3xx_hal_rcc.o
LOAD ./Drivers/STM32F3xx_HAL_Driver/Src/stm32f3xx_hal_rcc_ex.o
LOAD ./Drivers/STM32F3xx_HAL_Driver/Src/stm32f3xx_hal_tim.o
LOAD ./Drivers/STM32F3xx_HAL_Driver/Src/stm32f3xx_hal_tim_ex.o
LOAD ./Drivers/STM32F3xx_HAL_Driver/Src/stm32f3xx_ll_dma.o
LOAD ./Drivers/STM32F3xx_HAL_Driver/Src/stm32f3xx_ll_exti.o
LOAD ./Drivers/STM32F3xx_HAL_Driver/Src/stm32f3xx_ll_gpio.o
LOAD ./Drivers/STM32F3xx_HAL_Driver/Src/stm32f3xx_ll_rcc.o
LOAD ./Drivers/STM32F3xx_HAL_Driver/Src/stm32f3xx_ll_spi.o
LOAD ./Drivers/STM32F3xx_HAL_Driver/Src/stm32f3xx_ll_utils.o
LOAD ./hw038/hw-038.o
LOAD ./lcd/lcd.o
LOAD ./pump/pump.o
LOAD ./soil_moisture_sensor/soil_moisture_sensor.o
START GROUP
LOAD /home/godmaze/st/stm32cubeide_1.16.1/plugins/com.st.stm32cube.ide.mcu.externaltools.gnu-tools-for-stm32.12.3.rel1.linux64_1.0.200.202406132123/tools/bin/../lib/gcc/arm-none-eabi/12.3.1/../../../../arm-none-eabi/lib/thumb/v7e-m+fp/hard/libc_nano.a
LOAD /home/godmaze/st/stm32cubeide_1.16.1/plugins/com.st.stm32cube.ide.mcu.externaltools.gnu-tools-for-stm32.12.3.rel1.linux64_1.0.200.202406132123/tools/bin/../lib/gcc/arm-none-eabi/12.3.1/../../../../arm-none-eabi/lib/thumb/v7e-m+fp/hard/libm.a
END GROUP
START GROUP
LOAD /home/godmaze/st/stm32cubeide_1.16.1/plugins/com.st.stm32cube.ide.mcu.externaltools.gnu-tools-for-stm32.12.3.rel1.linux64_1.0.200.202406132123/tools/bin/../lib/gcc/arm-none-eabi/12.3.1/thumb/v7e-m+fp/hard/libgcc.a
LOAD /home/godmaze/st/stm32cubeide_1.16.1/plugins/com.st.stm32cube.ide.mcu.externaltools.gnu-tools-for-stm32.12.3.rel1.linux64_1.0.200.202406132123/tools/bin/../lib/gcc/arm-none-eabi/12.3.1/../../../../arm-none-eabi/lib/thumb/v7e-m+fp/hard/libc_nano.a
END GROUP
START GROUP
LOAD /home/godmaze/st/stm32cubeide_1.16.1/plugins/com.st.stm32cube.ide.mcu.externaltools.gnu-tools-for-stm32.12.3.rel1.linux64_1.0.200.202406132123/tools/bin/../lib/gcc/arm-none-eabi/12.3.1/thumb/v7e-m+fp/hard/libgcc.a
LOAD /home/godmaze/st/stm32cubeide_1.16.1/plugins/com.st.stm32cube.ide.mcu.externaltools.gnu-tools-for-stm32.12.3.rel1.linux64_1.0.200.202406132123/tools/bin/../lib/gcc/arm-none-eabi/12.3.1/../../../../arm-none-eabi/lib/thumb/v7e-m+fp/hard/libc_nano.a
LOAD /home/godmaze/st/stm32cubeide_1.16.1/plugins/com.st.stm32cube.ide.mcu.externaltools.gnu-tools-for-stm32.12.3.rel1.linux64_1.0.200.202406132123/tools/bin/../lib/gcc/arm-none-eabi/12.3.1/../../../../arm-none-eabi/lib/thumb/v7e-m+fp/hard/libnosys.a
END GROUP
START GROUP
LOAD /home/godmaze/st/stm32cubeide_1.16.1/plugins/com.st.stm32cube.ide.mcu.externaltools.gnu-tools-for-stm32.12.3.rel1.linux64_1.0.200.202406132123/tools/bin/../lib/gcc/arm-none-eabi/12.3.1/thumb/v7e-m+fp/hard/libgcc.a
LOAD /home/godmaze/st/stm32cubeide_1.16.1/plugins/com.st.stm32cube.ide.mcu.externaltools.gnu-tools-for-stm32.12.3.rel1.linux64_1.0.200.202406132123/tools/bin/../lib/gcc/arm-none-eabi/12.3.1/../../../../arm-none-eabi/lib/thumb/v7e-m+fp/hard/libc_nano.a
LOAD /home/godmaze/st/stm32cubeide_1.16.1/plugins/com.st.stm32cube.ide.mcu.externaltools.gnu-tools-for-stm32.12.3.rel1.linux64_1.0.200.202406132123/tools/bin/../lib/gcc/arm-none-eabi/12.3.1/../../../../arm-none-eabi/lib/thumb/v7e-m+fp/hard/libnosys.a
END GROUP
LOAD /home/godmaze/st/stm32cubeide_1.16.1/plugins/com.st.stm32cube.ide.mcu.externaltools.gnu-tools-for-stm32.12.3.rel1.linux64_1.0.200.202406132123/tools/bin/../lib/gcc/arm-none-eabi/12.3.1/thumb/v7e-m+fp/hard/crtend.o
LOAD /home/godmaze/st/stm32cubeide_1.16.1/plugins/com.st.stm32cube.ide.mcu.externaltools.gnu-tools-for-stm32.12.3.rel1.linux64_1.0.200.202406132123/tools/bin/../lib/gcc/arm-none-eabi/12.3.1/thumb/v7e-m+fp/hard/crtn.o
                0x20003000                        _estack = (ORIGIN (RAM) + LENGTH (RAM))
                0x00000200                        _Min_Heap_Size = 0x200
                0x00000400                        _Min_Stack_Size = 0x400

.isr_vector     0x08000000      0x188
                0x08000000                        . = ALIGN (0x4)
 *(.isr_vector)
 .isr_vector    0x08000000      0x188 ./Core/Startup/startup_stm32f303k8tx.o
                0x08000000                g_pfnVectors
                0x08000188                        . = ALIGN (0x4)

.text           0x08000188     0x39d0
                0x08000188                        . = ALIGN (0x4)
 *(.text)
 .text          0x08000188       0x40 /home/godmaze/st/stm32cubeide_1.16.1/plugins/com.st.stm32cube.ide.mcu.externaltools.gnu-tools-for-stm32.12.3.rel1.linux64_1.0.200.202406132123/tools/bin/../lib/gcc/arm-none-eabi/12.3.1/thumb/v7e-m+fp/hard/crtbegin.o
 .text          0x080001c8       0x10 /home/godmaze/st/stm32cubeide_1.16.1/plugins/com.st.stm32cube.ide.mcu.externaltools.gnu-tools-for-stm32.12.3.rel1.linux64_1.0.200.202406132123/tools/bin/../lib/gcc/arm-none-eabi/12.3.1/../../../../arm-none-eabi/lib/thumb/v7e-m+fp/hard/libc_nano.a(libc_a-strlen.o)
                0x080001c8                strlen
 *(.text*)
 .text.MX_ADC1_Init
                0x080001d8       0xe0 ./Core/Src/adc.o
                0x080001d8                MX_ADC1_Init
 .text.HAL_ADC_MspInit
                0x080002b8       0x78 ./Core/Src/adc.o
                0x080002b8                HAL_ADC_MspInit
 .text.MX_GPIO_Init
                0x08000330       0xa8 ./Core/Src/gpio.o
                0x08000330                MX_GPIO_Init
 .text.main     0x080003d8       0xf0 ./Core/Src/main.o
                0x080003d8                main
 .text.SystemClock_Config
                0x080004c8       0xb0 ./Core/Src/main.o
                0x080004c8                SystemClock_Config
 .text.Error_Handler
                0x08000578        0xc ./Core/Src/main.o
                0x08000578                Error_Handler
 .text.LL_SPI_Enable
                0x08000584       0x20 ./Core/Src/spi.o
 .text.LL_SPI_SetStandard
                0x080005a4       0x26 ./Core/Src/spi.o
 .text.LL_SPI_EnableNSSPulseMgt
                0x080005ca       0x20 ./Core/Src/spi.o
 .text.LL_SPI_DisableNSSPulseMgt
                0x080005ea       0x20 ./Core/Src/spi.o
 .text.LL_SPI_IsActiveFlag_RXNE
                0x0800060a       0x26 ./Core/Src/spi.o
 .text.LL_SPI_IsActiveFlag_TXE
                0x08000630       0x26 ./Core/Src/spi.o
 .text.LL_SPI_ReceiveData8
                0x08000656       0x1c ./Core/Src/spi.o
 .text.LL_SPI_TransmitData8
                0x08000672       0x24 ./Core/Src/spi.o
 *fill*         0x08000696        0x2 
 .text.LL_AHB1_GRP1_EnableClock
                0x08000698       0x30 ./Core/Src/spi.o
 .text.LL_APB2_GRP1_EnableClock
                0x080006c8       0x30 ./Core/Src/spi.o
 .text.LL_GPIO_SetOutputPin
                0x080006f8       0x1c ./Core/Src/spi.o
 .text.LL_GPIO_ResetOutputPin
                0x08000714       0x1c ./Core/Src/spi.o
 .text.MX_SPI1_Init
                0x08000730       0xc4 ./Core/Src/spi.o
                0x08000730                MX_SPI1_Init
 .text.readWriteSPI1
                0x080007f4       0x48 ./Core/Src/spi.o
                0x080007f4                readWriteSPI1
 .text.initCS_Pin
                0x0800083c        0xc ./Core/Src/spi.o
                0x0800083c                initCS_Pin
 .text.set_cs   0x08000848       0x14 ./Core/Src/spi.o
                0x08000848                set_cs
 .text.reset_cs
                0x0800085c       0x14 ./Core/Src/spi.o
                0x0800085c                reset_cs
 .text.initCD_Pin
                0x08000870        0xe ./Core/Src/spi.o
                0x08000870                initCD_Pin
 *fill*         0x0800087e        0x2 
 .text.set_cd   0x08000880       0x14 ./Core/Src/spi.o
                0x08000880                set_cd
 .text.reset_cd
                0x08000894       0x14 ./Core/Src/spi.o
                0x08000894                reset_cd
 .text.initRES_Pin
                0x080008a8        0xe ./Core/Src/spi.o
                0x080008a8                initRES_Pin
 *fill*         0x080008b6        0x2 
 .text.set_res  0x080008b8       0x14 ./Core/Src/spi.o
                0x080008b8                set_res
 .text.reset_res
                0x080008cc       0x14 ./Core/Src/spi.o
                0x080008cc                reset_res
 .text.HAL_MspInit
                0x080008e0       0x48 ./Core/Src/stm32f3xx_hal_msp.o
                0x080008e0                HAL_MspInit
 .text.NMI_Handler
                0x08000928        0x8 ./Core/Src/stm32f3xx_it.o
                0x08000928                NMI_Handler
 .text.HardFault_Handler
                0x08000930        0x8 ./Core/Src/stm32f3xx_it.o
                0x08000930                HardFault_Handler
 .text.MemManage_Handler
                0x08000938        0x8 ./Core/Src/stm32f3xx_it.o
                0x08000938                MemManage_Handler
 .text.BusFault_Handler
                0x08000940        0x8 ./Core/Src/stm32f3xx_it.o
                0x08000940                BusFault_Handler
 .text.UsageFault_Handler
                0x08000948        0x8 ./Core/Src/stm32f3xx_it.o
                0x08000948                UsageFault_Handler
 .text.SVC_Handler
                0x08000950        0xe ./Core/Src/stm32f3xx_it.o
                0x08000950                SVC_Handler
 .text.DebugMon_Handler
                0x0800095e        0xe ./Core/Src/stm32f3xx_it.o
                0x0800095e                DebugMon_Handler
 .text.PendSV_Handler
                0x0800096c        0xe ./Core/Src/stm32f3xx_it.o
                0x0800096c                PendSV_Handler
 .text.SysTick_Handler
                0x0800097a        0xc ./Core/Src/stm32f3xx_it.o
                0x0800097a                SysTick_Handler
 *fill*         0x08000986        0x2 
 .text.SystemInit
                0x08000988       0x24 ./Core/Src/system_stm32f3xx.o
                0x08000988                SystemInit
 .text.Reset_Handler
                0x080009ac       0x50 ./Core/Startup/startup_stm32f303k8tx.o
                0x080009ac                Reset_Handler
 .text.Default_Handler
                0x080009fc        0x2 ./Core/Startup/startup_stm32f303k8tx.o
                0x080009fc                RTC_Alarm_IRQHandler
                0x080009fc                TIM1_CC_IRQHandler
                0x080009fc                PVD_IRQHandler
                0x080009fc                TAMP_STAMP_IRQHandler
                0x080009fc                EXTI3_IRQHandler
                0x080009fc                EXTI0_IRQHandler
                0x080009fc                FPU_IRQHandler
                0x080009fc                CAN_TX_IRQHandler
                0x080009fc                TIM1_UP_TIM16_IRQHandler
                0x080009fc                ADC1_2_IRQHandler
                0x080009fc                SPI1_IRQHandler
                0x080009fc                CAN_SCE_IRQHandler
                0x080009fc                DMA1_Channel4_IRQHandler
                0x080009fc                USART3_IRQHandler
                0x080009fc                DMA1_Channel7_IRQHandler
                0x080009fc                TIM7_DAC2_IRQHandler
                0x080009fc                CAN_RX1_IRQHandler
                0x080009fc                I2C1_EV_IRQHandler
                0x080009fc                DMA1_Channel6_IRQHandler
                0x080009fc                TIM3_IRQHandler
                0x080009fc                RCC_IRQHandler
                0x080009fc                DMA1_Channel1_IRQHandler
                0x080009fc                Default_Handler
                0x080009fc                EXTI15_10_IRQHandler
                0x080009fc                COMP2_IRQHandler
                0x080009fc                TIM6_DAC1_IRQHandler
                0x080009fc                EXTI9_5_IRQHandler
                0x080009fc                RTC_WKUP_IRQHandler
                0x080009fc                DMA1_Channel5_IRQHandler
                0x080009fc                EXTI4_IRQHandler
                0x080009fc                TIM1_TRG_COM_TIM17_IRQHandler
                0x080009fc                DMA1_Channel3_IRQHandler
                0x080009fc                WWDG_IRQHandler
                0x080009fc                TIM2_IRQHandler
                0x080009fc                EXTI1_IRQHandler
                0x080009fc                COMP4_6_IRQHandler
                0x080009fc                USART2_IRQHandler
                0x080009fc                DMA1_Channel2_IRQHandler
                0x080009fc                FLASH_IRQHandler
                0x080009fc                USART1_IRQHandler
                0x080009fc                CAN_RX0_IRQHandler
                0x080009fc                I2C1_ER_IRQHandler
                0x080009fc                EXTI2_TSC_IRQHandler
                0x080009fc                TIM1_BRK_TIM15_IRQHandler
 *fill*         0x080009fe        0x2 
 .text.HAL_Init
                0x08000a00       0x2c ./Drivers/STM32F3xx_HAL_Driver/Src/stm32f3xx_hal.o
                0x08000a00                HAL_Init
 .text.HAL_InitTick
                0x08000a2c       0x60 ./Drivers/STM32F3xx_HAL_Driver/Src/stm32f3xx_hal.o
                0x08000a2c                HAL_InitTick
 .text.HAL_IncTick
                0x08000a8c       0x28 ./Drivers/STM32F3xx_HAL_Driver/Src/stm32f3xx_hal.o
                0x08000a8c                HAL_IncTick
 .text.HAL_GetTick
                0x08000ab4       0x18 ./Drivers/STM32F3xx_HAL_Driver/Src/stm32f3xx_hal.o
                0x08000ab4                HAL_GetTick
 .text.HAL_ADC_Init
                0x08000acc      0x324 ./Drivers/STM32F3xx_HAL_Driver/Src/stm32f3xx_hal_adc_ex.o
                0x08000acc                HAL_ADC_Init
 .text.HAL_ADC_ConfigChannel
                0x08000df0      0x57c ./Drivers/STM32F3xx_HAL_Driver/Src/stm32f3xx_hal_adc_ex.o
                0x08000df0                HAL_ADC_ConfigChannel
 .text.HAL_ADCEx_MultiModeConfigChannel
                0x0800136c      0x18c ./Drivers/STM32F3xx_HAL_Driver/Src/stm32f3xx_hal_adc_ex.o
                0x0800136c                HAL_ADCEx_MultiModeConfigChannel
 .text.ADC_Disable
                0x080014f8       0xcc ./Drivers/STM32F3xx_HAL_Driver/Src/stm32f3xx_hal_adc_ex.o
 .text.__NVIC_SetPriorityGrouping
                0x080015c4       0x48 ./Drivers/STM32F3xx_HAL_Driver/Src/stm32f3xx_hal_cortex.o
 .text.__NVIC_GetPriorityGrouping
                0x0800160c       0x1c ./Drivers/STM32F3xx_HAL_Driver/Src/stm32f3xx_hal_cortex.o
 .text.__NVIC_SetPriority
                0x08001628       0x54 ./Drivers/STM32F3xx_HAL_Driver/Src/stm32f3xx_hal_cortex.o
 .text.NVIC_EncodePriority
                0x0800167c       0x66 ./Drivers/STM32F3xx_HAL_Driver/Src/stm32f3xx_hal_cortex.o
 *fill*         0x080016e2        0x2 
 .text.SysTick_Config
                0x080016e4       0x44 ./Drivers/STM32F3xx_HAL_Driver/Src/stm32f3xx_hal_cortex.o
 .text.HAL_NVIC_SetPriorityGrouping
                0x08001728       0x16 ./Drivers/STM32F3xx_HAL_Driver/Src/stm32f3xx_hal_cortex.o
                0x08001728                HAL_NVIC_SetPriorityGrouping
 .text.HAL_NVIC_SetPriority
                0x0800173e       0x38 ./Drivers/STM32F3xx_HAL_Driver/Src/stm32f3xx_hal_cortex.o
                0x0800173e                HAL_NVIC_SetPriority
 .text.HAL_SYSTICK_Config
                0x08001776       0x18 ./Drivers/STM32F3xx_HAL_Driver/Src/stm32f3xx_hal_cortex.o
                0x08001776                HAL_SYSTICK_Config
 *fill*         0x0800178e        0x2 
 .text.HAL_GPIO_Init
                0x08001790      0x2e4 ./Drivers/STM32F3xx_HAL_Driver/Src/stm32f3xx_hal_gpio.o
                0x08001790                HAL_GPIO_Init
 .text.HAL_GPIO_WritePin
                0x08001a74       0x30 ./Drivers/STM32F3xx_HAL_Driver/Src/stm32f3xx_hal_gpio.o
                0x08001a74                HAL_GPIO_WritePin
 .text.HAL_RCC_OscConfig
                0x08001aa4     0x107c ./Drivers/STM32F3xx_HAL_Driver/Src/stm32f3xx_hal_rcc.o
                0x08001aa4                HAL_RCC_OscConfig
 .text.HAL_RCC_ClockConfig
                0x08002b20      0x2f8 ./Drivers/STM32F3xx_HAL_Driver/Src/stm32f3xx_hal_rcc.o
                0x08002b20                HAL_RCC_ClockConfig
 .text.HAL_RCC_GetSysClockFreq
                0x08002e18       0xa8 ./Drivers/STM32F3xx_HAL_Driver/Src/stm32f3xx_hal_rcc.o
                0x08002e18                HAL_RCC_GetSysClockFreq
 .text.HAL_RCCEx_PeriphCLKConfig
                0x08002ec0      0x24c ./Drivers/STM32F3xx_HAL_Driver/Src/stm32f3xx_hal_rcc_ex.o
                0x08002ec0                HAL_RCCEx_PeriphCLKConfig
 .text.LL_GPIO_SetPinMode
                0x0800310c       0x5e ./Drivers/STM32F3xx_HAL_Driver/Src/stm32f3xx_ll_gpio.o
 .text.LL_GPIO_SetPinOutputType
                0x0800316a       0x30 ./Drivers/STM32F3xx_HAL_Driver/Src/stm32f3xx_ll_gpio.o
 .text.LL_GPIO_SetPinSpeed
                0x0800319a       0x5e ./Drivers/STM32F3xx_HAL_Driver/Src/stm32f3xx_ll_gpio.o
 .text.LL_GPIO_SetPinPull
                0x080031f8       0x5e ./Drivers/STM32F3xx_HAL_Driver/Src/stm32f3xx_ll_gpio.o
 .text.LL_GPIO_SetAFPin_0_7
                0x08003256       0x5e ./Drivers/STM32F3xx_HAL_Driver/Src/stm32f3xx_ll_gpio.o
 .text.LL_GPIO_SetAFPin_8_15
                0x080032b4       0x62 ./Drivers/STM32F3xx_HAL_Driver/Src/stm32f3xx_ll_gpio.o
 .text.LL_GPIO_Init
                0x08003316       0xe0 ./Drivers/STM32F3xx_HAL_Driver/Src/stm32f3xx_ll_gpio.o
                0x08003316                LL_GPIO_Init
 .text.LL_SPI_IsEnabled
                0x080033f6       0x26 ./Drivers/STM32F3xx_HAL_Driver/Src/stm32f3xx_ll_spi.o
 .text.LL_SPI_SetRxFIFOThreshold
                0x0800341c       0x26 ./Drivers/STM32F3xx_HAL_Driver/Src/stm32f3xx_ll_spi.o
 .text.LL_SPI_SetCRCPolynomial
                0x08003442       0x20 ./Drivers/STM32F3xx_HAL_Driver/Src/stm32f3xx_ll_spi.o
 .text.LL_SPI_Init
                0x08003462       0xb0 ./Drivers/STM32F3xx_HAL_Driver/Src/stm32f3xx_ll_spi.o
                0x08003462                LL_SPI_Init
 *fill*         0x08003512        0x2 
 .text.LL_mDelay
                0x08003514       0x4c ./Drivers/STM32F3xx_HAL_Driver/Src/stm32f3xx_ll_utils.o
                0x08003514                LL_mDelay
 .text.lcdReset
                0x08003560       0x1c ./lcd/lcd.o
                0x08003560                lcdReset
 .text.lcdWriteCommand
                0x0800357c       0x26 ./lcd/lcd.o
                0x0800357c                lcdWriteCommand
 .text.lcdWriteParameter
                0x080035a2       0x26 ./lcd/lcd.o
                0x080035a2                lcdWriteParameter
 .text.lcdWriteData
                0x080035c8       0x34 ./lcd/lcd.o
                0x080035c8                lcdWriteData
 .text.lcdInitialise
                0x080035fc      0x1da ./lcd/lcd.o
                0x080035fc                lcdInitialise
 .text.lcdClearDisplay
                0x080037d6       0x7e ./lcd/lcd.o
                0x080037d6                lcdClearDisplay
 .text.lcdFilledRectangle
                0x08003854       0xb8 ./lcd/lcd.o
                0x08003854                lcdFilledRectangle
 .text.lcdPutCh
                0x0800390c       0xec ./lcd/lcd.o
                0x0800390c                lcdPutCh
 .text.decodeRgbValue
                0x080039f8       0x38 ./lcd/lcd.o
                0x080039f8                decodeRgbValue
 .text.lcdTextX
                0x08003a30       0x22 ./lcd/lcd.o
                0x08003a30                lcdTextX
 .text.lcdTextY
                0x08003a52       0x1c ./lcd/lcd.o
                0x08003a52                lcdTextY
 .text.lcdPutS  0x08003a6e       0x78 ./lcd/lcd.o
                0x08003a6e                lcdPutS
 .text.memset   0x08003ae6       0x10 /home/godmaze/st/stm32cubeide_1.16.1/plugins/com.st.stm32cube.ide.mcu.externaltools.gnu-tools-for-stm32.12.3.rel1.linux64_1.0.200.202406132123/tools/bin/../lib/gcc/arm-none-eabi/12.3.1/../../../../arm-none-eabi/lib/thumb/v7e-m+fp/hard/libc_nano.a(libc_a-memset.o)
                0x08003ae6                memset
 *fill*         0x08003af6        0x2 
 .text.__libc_init_array
                0x08003af8       0x48 /home/godmaze/st/stm32cubeide_1.16.1/plugins/com.st.stm32cube.ide.mcu.externaltools.gnu-tools-for-stm32.12.3.rel1.linux64_1.0.200.202406132123/tools/bin/../lib/gcc/arm-none-eabi/12.3.1/../../../../arm-none-eabi/lib/thumb/v7e-m+fp/hard/libc_nano.a(libc_a-init.o)
                0x08003af8                __libc_init_array
 *(.glue_7)
 .glue_7        0x08003b40        0x0 linker stubs
 *(.glue_7t)
 .glue_7t       0x08003b40        0x0 linker stubs
 *(.eh_frame)
 .eh_frame      0x08003b40        0x0 /home/godmaze/st/stm32cubeide_1.16.1/plugins/com.st.stm32cube.ide.mcu.externaltools.gnu-tools-for-stm32.12.3.rel1.linux64_1.0.200.202406132123/tools/bin/../lib/gcc/arm-none-eabi/12.3.1/thumb/v7e-m+fp/hard/crtbegin.o
 *(.init)
 .init          0x08003b40        0x4 /home/godmaze/st/stm32cubeide_1.16.1/plugins/com.st.stm32cube.ide.mcu.externaltools.gnu-tools-for-stm32.12.3.rel1.linux64_1.0.200.202406132123/tools/bin/../lib/gcc/arm-none-eabi/12.3.1/thumb/v7e-m+fp/hard/crti.o
                0x08003b40                _init
 .init          0x08003b44        0x8 /home/godmaze/st/stm32cubeide_1.16.1/plugins/com.st.stm32cube.ide.mcu.externaltools.gnu-tools-for-stm32.12.3.rel1.linux64_1.0.200.202406132123/tools/bin/../lib/gcc/arm-none-eabi/12.3.1/thumb/v7e-m+fp/hard/crtn.o
 *(.fini)
 .fini          0x08003b4c        0x4 /home/godmaze/st/stm32cubeide_1.16.1/plugins/com.st.stm32cube.ide.mcu.externaltools.gnu-tools-for-stm32.12.3.rel1.linux64_1.0.200.202406132123/tools/bin/../lib/gcc/arm-none-eabi/12.3.1/thumb/v7e-m+fp/hard/crti.o
                0x08003b4c                _fini
 .fini          0x08003b50        0x8 /home/godmaze/st/stm32cubeide_1.16.1/plugins/com.st.stm32cube.ide.mcu.externaltools.gnu-tools-for-stm32.12.3.rel1.linux64_1.0.200.202406132123/tools/bin/../lib/gcc/arm-none-eabi/12.3.1/thumb/v7e-m+fp/hard/crtn.o
                0x08003b58                        . = ALIGN (0x4)
                0x08003b58                        _etext = .

.vfp11_veneer   0x08003b58        0x0
 .vfp11_veneer  0x08003b58        0x0 linker stubs

.v4_bx          0x08003b58        0x0
 .v4_bx         0x08003b58        0x0 linker stubs

.iplt           0x08003b58        0x0
 .iplt          0x08003b58        0x0 /home/godmaze/st/stm32cubeide_1.16.1/plugins/com.st.stm32cube.ide.mcu.externaltools.gnu-tools-for-stm32.12.3.rel1.linux64_1.0.200.202406132123/tools/bin/../lib/gcc/arm-none-eabi/12.3.1/thumb/v7e-m+fp/hard/crtbegin.o

.rodata         0x08003b58      0x348
                0x08003b58                        . = ALIGN (0x4)
 *(.rodata)
 .rodata        0x08003b58       0x17 ./Core/Src/main.o
 *(.rodata*)
 *fill*         0x08003b6f        0x1 
 .rodata.AHBPrescTable
                0x08003b70       0x10 ./Core/Src/system_stm32f3xx.o
                0x08003b70                AHBPrescTable
 .rodata.aPLLMULFactorTable
                0x08003b80       0x10 ./Drivers/STM32F3xx_HAL_Driver/Src/stm32f3xx_hal_rcc.o
 .rodata.aPredivFactorTable
                0x08003b90       0x10 ./Drivers/STM32F3xx_HAL_Driver/Src/stm32f3xx_hal_rcc.o
 .rodata.fontus
                0x08003ba0      0x300 ./lcd/lcd.o
                0x08003ba0                fontus
                0x08003ea0                        . = ALIGN (0x4)

.ARM.extab      0x08003ea0        0x0
                0x08003ea0                        . = ALIGN (0x4)
 *(.ARM.extab* .gnu.linkonce.armextab.*)
                0x08003ea0                        . = ALIGN (0x4)

.ARM            0x08003ea0        0x8
                0x08003ea0                        . = ALIGN (0x4)
                0x08003ea0                        __exidx_start = .
 *(.ARM.exidx*)
 .ARM.exidx     0x08003ea0        0x8 /home/godmaze/st/stm32cubeide_1.16.1/plugins/com.st.stm32cube.ide.mcu.externaltools.gnu-tools-for-stm32.12.3.rel1.linux64_1.0.200.202406132123/tools/bin/../lib/gcc/arm-none-eabi/12.3.1/../../../../arm-none-eabi/lib/thumb/v7e-m+fp/hard/libc_nano.a(libc_a-strlen.o)
                0x08003ea8                        __exidx_end = .
                0x08003ea8                        . = ALIGN (0x4)

.preinit_array  0x08003ea8        0x0
                0x08003ea8                        . = ALIGN (0x4)
                0x08003ea8                        PROVIDE (__preinit_array_start = .)
 *(.preinit_array*)
                0x08003ea8                        PROVIDE (__preinit_array_end = .)
                0x08003ea8                        . = ALIGN (0x4)

.init_array     0x08003ea8        0x4
                0x08003ea8                        . = ALIGN (0x4)
                0x08003ea8                        PROVIDE (__init_array_start = .)
 *(SORT_BY_NAME(.init_array.*))
 *(.init_array*)
 .init_array    0x08003ea8        0x4 /home/godmaze/st/stm32cubeide_1.16.1/plugins/com.st.stm32cube.ide.mcu.externaltools.gnu-tools-for-stm32.12.3.rel1.linux64_1.0.200.202406132123/tools/bin/../lib/gcc/arm-none-eabi/12.3.1/thumb/v7e-m+fp/hard/crtbegin.o
                0x08003eac                        PROVIDE (__init_array_end = .)
                0x08003eac                        . = ALIGN (0x4)

.fini_array     0x08003eac        0x4
                0x08003eac                        . = ALIGN (0x4)
                [!provide]                        PROVIDE (__fini_array_start = .)
 *(SORT_BY_NAME(.fini_array.*))
 *(.fini_array*)
 .fini_array    0x08003eac        0x4 /home/godmaze/st/stm32cubeide_1.16.1/plugins/com.st.stm32cube.ide.mcu.externaltools.gnu-tools-for-stm32.12.3.rel1.linux64_1.0.200.202406132123/tools/bin/../lib/gcc/arm-none-eabi/12.3.1/thumb/v7e-m+fp/hard/crtbegin.o
                [!provide]                        PROVIDE (__fini_array_end = .)
                0x08003eb0                        . = ALIGN (0x4)
                0x08003eb0                        _sidata = LOADADDR (.data)

.rel.dyn        0x08003eb0        0x0
 .rel.iplt      0x08003eb0        0x0 /home/godmaze/st/stm32cubeide_1.16.1/plugins/com.st.stm32cube.ide.mcu.externaltools.gnu-tools-for-stm32.12.3.rel1.linux64_1.0.200.202406132123/tools/bin/../lib/gcc/arm-none-eabi/12.3.1/thumb/v7e-m+fp/hard/crtbegin.o

.data           0x20000000        0xc load address 0x08003eb0
                0x20000000                        . = ALIGN (0x4)
                0x20000000                        _sdata = .
 *(.data)
 *(.data*)
 .data.SystemCoreClock
                0x20000000        0x4 ./Core/Src/system_stm32f3xx.o
                0x20000000                SystemCoreClock
 .data.uwTickPrio
                0x20000004        0x4 ./Drivers/STM32F3xx_HAL_Driver/Src/stm32f3xx_hal.o
                0x20000004                uwTickPrio
 .data.uwTickFreq
                0x20000008        0x1 ./Drivers/STM32F3xx_HAL_Driver/Src/stm32f3xx_hal.o
                0x20000008                uwTickFreq
 *(.RamFunc)
 *(.RamFunc*)
                0x2000000c                        . = ALIGN (0x4)
 *fill*         0x20000009        0x3 
                0x2000000c                        _edata = .
                0x08003ebc                        _siccmram = LOADADDR (.ccmram)

.igot.plt       0x2000000c        0x0 load address 0x08003ebc
 .igot.plt      0x2000000c        0x0 /home/godmaze/st/stm32cubeide_1.16.1/plugins/com.st.stm32cube.ide.mcu.externaltools.gnu-tools-for-stm32.12.3.rel1.linux64_1.0.200.202406132123/tools/bin/../lib/gcc/arm-none-eabi/12.3.1/thumb/v7e-m+fp/hard/crtbegin.o

.ccmram         0x10000000        0x0 load address 0x08003ebc
                0x10000000                        . = ALIGN (0x4)
                0x10000000                        _sccmram = .
 *(.ccmram)
 *(.ccmram*)
                0x10000000                        . = ALIGN (0x4)
                0x10000000                        _eccmram = .
                0x10000000                        . = ALIGN (0x4)

.bss            0x2000000c       0x70
                0x2000000c                        _sbss = .
                0x2000000c                        __bss_start__ = _sbss
 *(.bss)
 .bss           0x2000000c       0x1c /home/godmaze/st/stm32cubeide_1.16.1/plugins/com.st.stm32cube.ide.mcu.externaltools.gnu-tools-for-stm32.12.3.rel1.linux64_1.0.200.202406132123/tools/bin/../lib/gcc/arm-none-eabi/12.3.1/thumb/v7e-m+fp/hard/crtbegin.o
 *(.bss*)
 .bss.hadc1     0x20000028       0x50 ./Core/Src/adc.o
                0x20000028                hadc1
 .bss.uwTick    0x20000078        0x4 ./Drivers/STM32F3xx_HAL_Driver/Src/stm32f3xx_hal.o
                0x20000078                uwTick
 *(COMMON)
                0x2000007c                        . = ALIGN (0x4)
                0x2000007c                        _ebss = .
                0x2000007c                        __bss_end__ = _ebss

._user_heap_stack
                0x2000007c      0x604
                0x20000080                        . = ALIGN (0x8)
 *fill*         0x2000007c        0x4 
                [!provide]                        PROVIDE (end = .)
                0x20000080                        PROVIDE (_end = .)
                0x20000280                        . = (. + _Min_Heap_Size)
 *fill*         0x20000080      0x200 
                0x20000680                        . = (. + _Min_Stack_Size)
 *fill*         0x20000280      0x400 
                0x20000680                        . = ALIGN (0x8)

/DISCARD/
 libc.a(*)
 libm.a(*)
 libgcc.a(*)

.ARM.attributes
                0x00000000       0x30
 *(.ARM.attributes)
 .ARM.attributes
                0x00000000       0x22 /home/godmaze/st/stm32cubeide_1.16.1/plugins/com.st.stm32cube.ide.mcu.externaltools.gnu-tools-for-stm32.12.3.rel1.linux64_1.0.200.202406132123/tools/bin/../lib/gcc/arm-none-eabi/12.3.1/thumb/v7e-m+fp/hard/crti.o
 .ARM.attributes
                0x00000022       0x34 /home/godmaze/st/stm32cubeide_1.16.1/plugins/com.st.stm32cube.ide.mcu.externaltools.gnu-tools-for-stm32.12.3.rel1.linux64_1.0.200.202406132123/tools/bin/../lib/gcc/arm-none-eabi/12.3.1/thumb/v7e-m+fp/hard/crtbegin.o
 .ARM.attributes
                0x00000056       0x34 ./Core/Src/adc.o
 .ARM.attributes
                0x0000008a       0x34 ./Core/Src/gpio.o
 .ARM.attributes
                0x000000be       0x34 ./Core/Src/main.o
 .ARM.attributes
                0x000000f2       0x34 ./Core/Src/spi.o
 .ARM.attributes
                0x00000126       0x34 ./Core/Src/stm32f3xx_hal_msp.o
 .ARM.attributes
                0x0000015a       0x34 ./Core/Src/stm32f3xx_it.o
 .ARM.attributes
                0x0000018e       0x34 ./Core/Src/system_stm32f3xx.o
 .ARM.attributes
                0x000001c2       0x21 ./Core/Startup/startup_stm32f303k8tx.o
 .ARM.attributes
                0x000001e3       0x34 ./Drivers/STM32F3xx_HAL_Driver/Src/stm32f3xx_hal.o
 .ARM.attributes
                0x00000217       0x34 ./Drivers/STM32F3xx_HAL_Driver/Src/stm32f3xx_hal_adc_ex.o
 .ARM.attributes
                0x0000024b       0x34 ./Drivers/STM32F3xx_HAL_Driver/Src/stm32f3xx_hal_cortex.o
 .ARM.attributes
                0x0000027f       0x34 ./Drivers/STM32F3xx_HAL_Driver/Src/stm32f3xx_hal_gpio.o
 .ARM.attributes
                0x000002b3       0x34 ./Drivers/STM32F3xx_HAL_Driver/Src/stm32f3xx_hal_rcc.o
 .ARM.attributes
                0x000002e7       0x34 ./Drivers/STM32F3xx_HAL_Driver/Src/stm32f3xx_hal_rcc_ex.o
 .ARM.attributes
                0x0000031b       0x34 ./Drivers/STM32F3xx_HAL_Driver/Src/stm32f3xx_ll_gpio.o
 .ARM.attributes
                0x0000034f       0x34 ./Drivers/STM32F3xx_HAL_Driver/Src/stm32f3xx_ll_spi.o
 .ARM.attributes
                0x00000383       0x34 ./Drivers/STM32F3xx_HAL_Driver/Src/stm32f3xx_ll_utils.o
 .ARM.attributes
                0x000003b7       0x34 ./lcd/lcd.o
 .ARM.attributes
                0x000003eb       0x34 /home/godmaze/st/stm32cubeide_1.16.1/plugins/com.st.stm32cube.ide.mcu.externaltools.gnu-tools-for-stm32.12.3.rel1.linux64_1.0.200.202406132123/tools/bin/../lib/gcc/arm-none-eabi/12.3.1/../../../../arm-none-eabi/lib/thumb/v7e-m+fp/hard/libc_nano.a(libc_a-memset.o)
 .ARM.attributes
                0x0000041f       0x34 /home/godmaze/st/stm32cubeide_1.16.1/plugins/com.st.stm32cube.ide.mcu.externaltools.gnu-tools-for-stm32.12.3.rel1.linux64_1.0.200.202406132123/tools/bin/../lib/gcc/arm-none-eabi/12.3.1/../../../../arm-none-eabi/lib/thumb/v7e-m+fp/hard/libc_nano.a(libc_a-init.o)
 .ARM.attributes
                0x00000453       0x17 /home/godmaze/st/stm32cubeide_1.16.1/plugins/com.st.stm32cube.ide.mcu.externaltools.gnu-tools-for-stm32.12.3.rel1.linux64_1.0.200.202406132123/tools/bin/../lib/gcc/arm-none-eabi/12.3.1/../../../../arm-none-eabi/lib/thumb/v7e-m+fp/hard/libc_nano.a(libc_a-strlen.o)
 .ARM.attributes
                0x0000046a       0x22 /home/godmaze/st/stm32cubeide_1.16.1/plugins/com.st.stm32cube.ide.mcu.externaltools.gnu-tools-for-stm32.12.3.rel1.linux64_1.0.200.202406132123/tools/bin/../lib/gcc/arm-none-eabi/12.3.1/thumb/v7e-m+fp/hard/crtn.o
OUTPUT(ground-humidity-sensor.elf elf32-littlearm)
LOAD linker stubs
LOAD /home/godmaze/st/stm32cubeide_1.16.1/plugins/com.st.stm32cube.ide.mcu.externaltools.gnu-tools-for-stm32.12.3.rel1.linux64_1.0.200.202406132123/tools/bin/../lib/gcc/arm-none-eabi/12.3.1/../../../../arm-none-eabi/lib/thumb/v7e-m+fp/hard/libc.a
LOAD /home/godmaze/st/stm32cubeide_1.16.1/plugins/com.st.stm32cube.ide.mcu.externaltools.gnu-tools-for-stm32.12.3.rel1.linux64_1.0.200.202406132123/tools/bin/../lib/gcc/arm-none-eabi/12.3.1/../../../../arm-none-eabi/lib/thumb/v7e-m+fp/hard/libm.a
LOAD /home/godmaze/st/stm32cubeide_1.16.1/plugins/com.st.stm32cube.ide.mcu.externaltools.gnu-tools-for-stm32.12.3.rel1.linux64_1.0.200.202406132123/tools/bin/../lib/gcc/arm-none-eabi/12.3.1/thumb/v7e-m+fp/hard/libgcc.a

.debug_info     0x00000000     0x8326
 .debug_info    0x00000000      0xabe ./Core/Src/adc.o
 .debug_info    0x00000abe      0x34c ./Core/Src/gpio.o
 .debug_info    0x00000e0a      0x4ca ./Core/Src/main.o
 .debug_info    0x000012d4      0x777 ./Core/Src/spi.o
 .debug_info    0x00001a4b      0x1d5 ./Core/Src/stm32f3xx_hal_msp.o
 .debug_info    0x00001c20      0x157 ./Core/Src/stm32f3xx_it.o
 .debug_info    0x00001d77      0x407 ./Core/Src/system_stm32f3xx.o
 .debug_info    0x0000217e       0x30 ./Core/Startup/startup_stm32f303k8tx.o
 .debug_info    0x000021ae      0x74a ./Drivers/STM32F3xx_HAL_Driver/Src/stm32f3xx_hal.o
 .debug_info    0x000028f8     0x15b2 ./Drivers/STM32F3xx_HAL_Driver/Src/stm32f3xx_hal_adc_ex.o
 .debug_info    0x00003eaa      0xa87 ./Drivers/STM32F3xx_HAL_Driver/Src/stm32f3xx_hal_cortex.o
 .debug_info    0x00004931      0x6a6 ./Drivers/STM32F3xx_HAL_Driver/Src/stm32f3xx_hal_gpio.o
 .debug_info    0x00004fd7     0x148a ./Drivers/STM32F3xx_HAL_Driver/Src/stm32f3xx_hal_rcc.o
 .debug_info    0x00006461      0x52e ./Drivers/STM32F3xx_HAL_Driver/Src/stm32f3xx_hal_rcc_ex.o
 .debug_info    0x0000698f      0x6ee ./Drivers/STM32F3xx_HAL_Driver/Src/stm32f3xx_ll_gpio.o
 .debug_info    0x0000707d      0x3fb ./Drivers/STM32F3xx_HAL_Driver/Src/stm32f3xx_ll_spi.o
 .debug_info    0x00007478      0x80a ./Drivers/STM32F3xx_HAL_Driver/Src/stm32f3xx_ll_utils.o
 .debug_info    0x00007c82      0x6a4 ./lcd/lcd.o

.debug_abbrev   0x00000000     0x2121
 .debug_abbrev  0x00000000      0x20b ./Core/Src/adc.o
 .debug_abbrev  0x0000020b      0x157 ./Core/Src/gpio.o
 .debug_abbrev  0x00000362      0x1ed ./Core/Src/main.o
 .debug_abbrev  0x0000054f      0x256 ./Core/Src/spi.o
 .debug_abbrev  0x000007a5       0xdd ./Core/Src/stm32f3xx_hal_msp.o
 .debug_abbrev  0x00000882       0xac ./Core/Src/stm32f3xx_it.o
 .debug_abbrev  0x0000092e      0x11a ./Core/Src/system_stm32f3xx.o
 .debug_abbrev  0x00000a48       0x24 ./Core/Startup/startup_stm32f303k8tx.o
 .debug_abbrev  0x00000a6c      0x215 ./Drivers/STM32F3xx_HAL_Driver/Src/stm32f3xx_hal.o
 .debug_abbrev  0x00000c81      0x28e ./Drivers/STM32F3xx_HAL_Driver/Src/stm32f3xx_hal_adc_ex.o
 .debug_abbrev  0x00000f0f      0x2f8 ./Drivers/STM32F3xx_HAL_Driver/Src/stm32f3xx_hal_cortex.o
 .debug_abbrev  0x00001207      0x1ca ./Drivers/STM32F3xx_HAL_Driver/Src/stm32f3xx_hal_gpio.o
 .debug_abbrev  0x000013d1      0x300 ./Drivers/STM32F3xx_HAL_Driver/Src/stm32f3xx_hal_rcc.o
 .debug_abbrev  0x000016d1      0x221 ./Drivers/STM32F3xx_HAL_Driver/Src/stm32f3xx_hal_rcc_ex.o
 .debug_abbrev  0x000018f2      0x21e ./Drivers/STM32F3xx_HAL_Driver/Src/stm32f3xx_ll_gpio.o
 .debug_abbrev  0x00001b10      0x186 ./Drivers/STM32F3xx_HAL_Driver/Src/stm32f3xx_ll_spi.o
 .debug_abbrev  0x00001c96      0x2b9 ./Drivers/STM32F3xx_HAL_Driver/Src/stm32f3xx_ll_utils.o
 .debug_abbrev  0x00001f4f      0x1d2 ./lcd/lcd.o

.debug_aranges  0x00000000      0x8e0
 .debug_aranges
                0x00000000       0x30 ./Core/Src/adc.o
 .debug_aranges
                0x00000030       0x20 ./Core/Src/gpio.o
 .debug_aranges
                0x00000050       0x30 ./Core/Src/main.o
 .debug_aranges
                0x00000080       0xe0 ./Core/Src/spi.o
 .debug_aranges
                0x00000160       0x20 ./Core/Src/stm32f3xx_hal_msp.o
 .debug_aranges
                0x00000180       0x60 ./Core/Src/stm32f3xx_it.o
 .debug_aranges
                0x000001e0       0x28 ./Core/Src/system_stm32f3xx.o
 .debug_aranges
                0x00000208       0x28 ./Core/Startup/startup_stm32f303k8tx.o
 .debug_aranges
                0x00000230       0xe0 ./Drivers/STM32F3xx_HAL_Driver/Src/stm32f3xx_hal.o
 .debug_aranges
                0x00000310      0x168 ./Drivers/STM32F3xx_HAL_Driver/Src/stm32f3xx_hal_adc_ex.o
 .debug_aranges
                0x00000478      0x100 ./Drivers/STM32F3xx_HAL_Driver/Src/stm32f3xx_hal_cortex.o
 .debug_aranges
                0x00000578       0x58 ./Drivers/STM32F3xx_HAL_Driver/Src/stm32f3xx_hal_gpio.o
 .debug_aranges
                0x000005d0       0x88 ./Drivers/STM32F3xx_HAL_Driver/Src/stm32f3xx_hal_rcc.o
 .debug_aranges
                0x00000658       0x38 ./Drivers/STM32F3xx_HAL_Driver/Src/stm32f3xx_hal_rcc_ex.o
 .debug_aranges
                0x00000690       0x70 ./Drivers/STM32F3xx_HAL_Driver/Src/stm32f3xx_ll_gpio.o
 .debug_aranges
                0x00000700       0x58 ./Drivers/STM32F3xx_HAL_Driver/Src/stm32f3xx_ll_spi.o
 .debug_aranges
                0x00000758       0xf0 ./Drivers/STM32F3xx_HAL_Driver/Src/stm32f3xx_ll_utils.o
 .debug_aranges
                0x00000848       0x98 ./lcd/lcd.o

.debug_rnglists
                0x00000000      0x685
 .debug_rnglists
                0x00000000       0x20 ./Core/Src/adc.o
 .debug_rnglists
                0x00000020       0x14 ./Core/Src/gpio.o
 .debug_rnglists
                0x00000034       0x21 ./Core/Src/main.o
 .debug_rnglists
                0x00000055       0xa4 ./Core/Src/spi.o
 .debug_rnglists
                0x000000f9       0x13 ./Core/Src/stm32f3xx_hal_msp.o
 .debug_rnglists
                0x0000010c       0x43 ./Core/Src/stm32f3xx_it.o
 .debug_rnglists
                0x0000014f       0x1a ./Core/Src/system_stm32f3xx.o
 .debug_rnglists
                0x00000169       0x19 ./Core/Startup/startup_stm32f303k8tx.o
 .debug_rnglists
                0x00000182       0xa3 ./Drivers/STM32F3xx_HAL_Driver/Src/stm32f3xx_hal.o
 .debug_rnglists
                0x00000225      0x126 ./Drivers/STM32F3xx_HAL_Driver/Src/stm32f3xx_hal_adc_ex.o
 .debug_rnglists
                0x0000034b       0xbb ./Drivers/STM32F3xx_HAL_Driver/Src/stm32f3xx_hal_cortex.o
 .debug_rnglists
                0x00000406       0x3f ./Drivers/STM32F3xx_HAL_Driver/Src/stm32f3xx_hal_gpio.o
 .debug_rnglists
                0x00000445       0x66 ./Drivers/STM32F3xx_HAL_Driver/Src/stm32f3xx_hal_rcc.o
 .debug_rnglists
                0x000004ab       0x27 ./Drivers/STM32F3xx_HAL_Driver/Src/stm32f3xx_hal_rcc_ex.o
 .debug_rnglists
                0x000004d2       0x51 ./Drivers/STM32F3xx_HAL_Driver/Src/stm32f3xx_ll_gpio.o
 .debug_rnglists
                0x00000523       0x3e ./Drivers/STM32F3xx_HAL_Driver/Src/stm32f3xx_ll_spi.o
 .debug_rnglists
                0x00000561       0xb1 ./Drivers/STM32F3xx_HAL_Driver/Src/stm32f3xx_ll_utils.o
 .debug_rnglists
                0x00000612       0x73 ./lcd/lcd.o

.debug_macro    0x00000000    0x1c3bc
 .debug_macro   0x00000000      0x224 ./Core/Src/adc.o
 .debug_macro   0x00000224      0xaba ./Core/Src/adc.o
 .debug_macro   0x00000cde      0x151 ./Core/Src/adc.o
 .debug_macro   0x00000e2f       0x2e ./Core/Src/adc.o
 .debug_macro   0x00000e5d       0x28 ./Core/Src/adc.o
 .debug_macro   0x00000e85       0x22 ./Core/Src/adc.o
 .debug_macro   0x00000ea7       0x8e ./Core/Src/adc.o
 .debug_macro   0x00000f35       0x51 ./Core/Src/adc.o
 .debug_macro   0x00000f86      0x103 ./Core/Src/adc.o
 .debug_macro   0x00001089       0x6a ./Core/Src/adc.o
 .debug_macro   0x000010f3      0x1df ./Core/Src/adc.o
 .debug_macro   0x000012d2       0x1c ./Core/Src/adc.o
 .debug_macro   0x000012ee       0x22 ./Core/Src/adc.o
 .debug_macro   0x00001310       0xd9 ./Core/Src/adc.o
 .debug_macro   0x000013e9      0xf07 ./Core/Src/adc.o
 .debug_macro   0x000022f0    0x10be0 ./Core/Src/adc.o
 .debug_macro   0x00012ed0       0x6d ./Core/Src/adc.o
 .debug_macro   0x00012f3d     0x3574 ./Core/Src/adc.o
 .debug_macro   0x000164b1      0x189 ./Core/Src/adc.o
 .debug_macro   0x0001663a       0x55 ./Core/Src/adc.o
 .debug_macro   0x0001668f      0x8f8 ./Core/Src/adc.o
 .debug_macro   0x00016f87      0x304 ./Core/Src/adc.o
 .debug_macro   0x0001728b      0x1b5 ./Core/Src/adc.o
 .debug_macro   0x00017440      0x11b ./Core/Src/adc.o
 .debug_macro   0x0001755b      0x1d5 ./Core/Src/adc.o
 .debug_macro   0x00017730      0x1bc ./Core/Src/adc.o
 .debug_macro   0x000178ec       0x34 ./Core/Src/adc.o
 .debug_macro   0x00017920       0x3c ./Core/Src/adc.o
 .debug_macro   0x0001795c       0x57 ./Core/Src/adc.o
 .debug_macro   0x000179b3      0x87d ./Core/Src/adc.o
 .debug_macro   0x00018230       0x77 ./Core/Src/adc.o
 .debug_macro   0x000182a7       0xc5 ./Core/Src/adc.o
 .debug_macro   0x0001836c      0x19f ./Core/Src/adc.o
 .debug_macro   0x0001850b      0x22c ./Core/Src/adc.o
 .debug_macro   0x00018737       0x5b ./Core/Src/adc.o
 .debug_macro   0x00018792       0xa5 ./Core/Src/adc.o
 .debug_macro   0x00018837       0x81 ./Core/Src/adc.o
 .debug_macro   0x000188b8       0xd3 ./Core/Src/adc.o
 .debug_macro   0x0001898b      0x285 ./Core/Src/adc.o
 .debug_macro   0x00018c10      0x1d2 ./Core/Src/adc.o
 .debug_macro   0x00018de2       0xe0 ./Core/Src/adc.o
 .debug_macro   0x00018ec2       0x28 ./Core/Src/adc.o
 .debug_macro   0x00018eea      0x4c2 ./Core/Src/adc.o
 .debug_macro   0x000193ac      0x29f ./Core/Src/adc.o
 .debug_macro   0x0001964b       0x30 ./Core/Src/adc.o
 .debug_macro   0x0001967b       0xa8 ./Core/Src/adc.o
 .debug_macro   0x00019723      0x142 ./Core/Src/adc.o
 .debug_macro   0x00019865      0x287 ./Core/Src/adc.o
 .debug_macro   0x00019aec       0xfe ./Core/Src/adc.o
 .debug_macro   0x00019bea      0x224 ./Core/Src/gpio.o
 .debug_macro   0x00019e0e      0x245 ./Core/Src/main.o
 .debug_macro   0x0001a053      0x1de ./Core/Src/main.o
 .debug_macro   0x0001a231      0x224 ./Core/Src/spi.o
 .debug_macro   0x0001a455      0x21a ./Core/Src/stm32f3xx_hal_msp.o
 .debug_macro   0x0001a66f      0x224 ./Core/Src/stm32f3xx_it.o
 .debug_macro   0x0001a893      0x1b6 ./Core/Src/system_stm32f3xx.o
 .debug_macro   0x0001aa49      0x1da ./Drivers/STM32F3xx_HAL_Driver/Src/stm32f3xx_hal.o
 .debug_macro   0x0001ac23      0x1e0 ./Drivers/STM32F3xx_HAL_Driver/Src/stm32f3xx_hal_adc_ex.o
 .debug_macro   0x0001ae03      0x1b6 ./Drivers/STM32F3xx_HAL_Driver/Src/stm32f3xx_hal_cortex.o
 .debug_macro   0x0001afb9      0x1bd ./Drivers/STM32F3xx_HAL_Driver/Src/stm32f3xx_hal_gpio.o
 .debug_macro   0x0001b176      0x1da ./Drivers/STM32F3xx_HAL_Driver/Src/stm32f3xx_hal_rcc.o
 .debug_macro   0x0001b350      0x1b6 ./Drivers/STM32F3xx_HAL_Driver/Src/stm32f3xx_hal_rcc_ex.o
 .debug_macro   0x0001b506      0x1f8 ./Drivers/STM32F3xx_HAL_Driver/Src/stm32f3xx_ll_gpio.o
 .debug_macro   0x0001b6fe      0x13c ./Drivers/STM32F3xx_HAL_Driver/Src/stm32f3xx_ll_gpio.o
 .debug_macro   0x0001b83a      0x21f ./Drivers/STM32F3xx_HAL_Driver/Src/stm32f3xx_ll_spi.o
 .debug_macro   0x0001ba59      0x1cc ./Drivers/STM32F3xx_HAL_Driver/Src/stm32f3xx_ll_spi.o
 .debug_macro   0x0001bc25      0x234 ./Drivers/STM32F3xx_HAL_Driver/Src/stm32f3xx_ll_utils.o
 .debug_macro   0x0001be59      0x30c ./lcd/lcd.o
 .debug_macro   0x0001c165       0x10 ./lcd/lcd.o
 .debug_macro   0x0001c175       0x20 ./lcd/lcd.o
 .debug_macro   0x0001c195      0x1d8 ./lcd/lcd.o
 .debug_macro   0x0001c36d       0x4f ./lcd/lcd.o

.debug_line     0x00000000     0xbf59
 .debug_line    0x00000000      0x822 ./Core/Src/adc.o
 .debug_line    0x00000822      0x7a2 ./Core/Src/gpio.o
 .debug_line    0x00000fc4      0x89d ./Core/Src/main.o
 .debug_line    0x00001861      0xa71 ./Core/Src/spi.o
 .debug_line    0x000022d2      0x787 ./Core/Src/stm32f3xx_hal_msp.o
 .debug_line    0x00002a59      0x849 ./Core/Src/stm32f3xx_it.o
 .debug_line    0x000032a2      0x71a ./Core/Src/system_stm32f3xx.o
 .debug_line    0x000039bc       0x7a ./Core/Startup/startup_stm32f303k8tx.o
 .debug_line    0x00003a36      0x952 ./Drivers/STM32F3xx_HAL_Driver/Src/stm32f3xx_hal.o
 .debug_line    0x00004388     0x2030 ./Drivers/STM32F3xx_HAL_Driver/Src/stm32f3xx_hal_adc_ex.o
 .debug_line    0x000063b8      0xb38 ./Drivers/STM32F3xx_HAL_Driver/Src/stm32f3xx_hal_cortex.o
 .debug_line    0x00006ef0      0xab5 ./Drivers/STM32F3xx_HAL_Driver/Src/stm32f3xx_hal_gpio.o
 .debug_line    0x000079a5     0x12e6 ./Drivers/STM32F3xx_HAL_Driver/Src/stm32f3xx_hal_rcc.o
 .debug_line    0x00008c8b      0x9dc ./Drivers/STM32F3xx_HAL_Driver/Src/stm32f3xx_hal_rcc_ex.o
 .debug_line    0x00009667      0x95b ./Drivers/STM32F3xx_HAL_Driver/Src/stm32f3xx_ll_gpio.o
 .debug_line    0x00009fc2      0x7f5 ./Drivers/STM32F3xx_HAL_Driver/Src/stm32f3xx_ll_spi.o
 .debug_line    0x0000a7b7      0xb36 ./Drivers/STM32F3xx_HAL_Driver/Src/stm32f3xx_ll_utils.o
 .debug_line    0x0000b2ed      0xc6c ./lcd/lcd.o

.debug_str      0x00000000    0xa65da
 .debug_str     0x00000000    0x9f219 ./Core/Src/adc.o
                              0x9f789 (size before relaxing)
 .debug_str     0x0009f219       0x68 ./Core/Src/gpio.o
                              0x9f234 (size before relaxing)
 .debug_str     0x0009f281      0x920 ./Core/Src/main.o
                              0x9fa9c (size before relaxing)
 .debug_str     0x0009fba1      0x297 ./Core/Src/spi.o
                              0x9f486 (size before relaxing)
 .debug_str     0x0009fe38       0x2c ./Core/Src/stm32f3xx_hal_msp.o
                              0x9f169 (size before relaxing)
 .debug_str     0x0009fe64       0xc9 ./Core/Src/stm32f3xx_it.o
                              0x9f198 (size before relaxing)
 .debug_str     0x0009ff2d       0xcf ./Core/Src/system_stm32f3xx.o
                              0x97f56 (size before relaxing)
 .debug_str     0x0009fffc       0x44 ./Core/Startup/startup_stm32f303k8tx.o
                                 0x9d (size before relaxing)
 .debug_str     0x000a0040      0x5fd ./Drivers/STM32F3xx_HAL_Driver/Src/stm32f3xx_hal.o
                              0x98646 (size before relaxing)
 .debug_str     0x000a063d      0x88e ./Drivers/STM32F3xx_HAL_Driver/Src/stm32f3xx_hal_adc_ex.o
                              0x98c5c (size before relaxing)
 .debug_str     0x000a0ecb      0x23f ./Drivers/STM32F3xx_HAL_Driver/Src/stm32f3xx_hal_cortex.o
                              0x9856b (size before relaxing)
 .debug_str     0x000a110a      0x156 ./Drivers/STM32F3xx_HAL_Driver/Src/stm32f3xx_hal_gpio.o
                              0x98135 (size before relaxing)
 .debug_str     0x000a1260      0x2d1 ./Drivers/STM32F3xx_HAL_Driver/Src/stm32f3xx_hal_rcc.o
                              0x983f6 (size before relaxing)
 .debug_str     0x000a1531       0xbe ./Drivers/STM32F3xx_HAL_Driver/Src/stm32f3xx_hal_rcc_ex.o
                              0x980f5 (size before relaxing)
 .debug_str     0x000a15ef      0x619 ./Drivers/STM32F3xx_HAL_Driver/Src/stm32f3xx_ll_gpio.o
                              0x9926f (size before relaxing)
 .debug_str     0x000a1c08      0x965 ./Drivers/STM32F3xx_HAL_Driver/Src/stm32f3xx_ll_spi.o
                              0x9bc93 (size before relaxing)
 .debug_str     0x000a256d      0xd8f ./Drivers/STM32F3xx_HAL_Driver/Src/stm32f3xx_ll_utils.o
                              0x9cf5f (size before relaxing)
 .debug_str     0x000a32fc     0x32de ./lcd/lcd.o
                              0xa2b08 (size before relaxing)

.comment        0x00000000       0x43
 .comment       0x00000000       0x43 ./Core/Src/adc.o
                                 0x44 (size before relaxing)
 .comment       0x00000043       0x44 ./Core/Src/gpio.o
 .comment       0x00000043       0x44 ./Core/Src/main.o
 .comment       0x00000043       0x44 ./Core/Src/spi.o
 .comment       0x00000043       0x44 ./Core/Src/stm32f3xx_hal_msp.o
 .comment       0x00000043       0x44 ./Core/Src/stm32f3xx_it.o
 .comment       0x00000043       0x44 ./Core/Src/system_stm32f3xx.o
 .comment       0x00000043       0x44 ./Drivers/STM32F3xx_HAL_Driver/Src/stm32f3xx_hal.o
 .comment       0x00000043       0x44 ./Drivers/STM32F3xx_HAL_Driver/Src/stm32f3xx_hal_adc_ex.o
 .comment       0x00000043       0x44 ./Drivers/STM32F3xx_HAL_Driver/Src/stm32f3xx_hal_cortex.o
 .comment       0x00000043       0x44 ./Drivers/STM32F3xx_HAL_Driver/Src/stm32f3xx_hal_gpio.o
 .comment       0x00000043       0x44 ./Drivers/STM32F3xx_HAL_Driver/Src/stm32f3xx_hal_rcc.o
 .comment       0x00000043       0x44 ./Drivers/STM32F3xx_HAL_Driver/Src/stm32f3xx_hal_rcc_ex.o
 .comment       0x00000043       0x44 ./Drivers/STM32F3xx_HAL_Driver/Src/stm32f3xx_ll_gpio.o
 .comment       0x00000043       0x44 ./Drivers/STM32F3xx_HAL_Driver/Src/stm32f3xx_ll_spi.o
 .comment       0x00000043       0x44 ./Drivers/STM32F3xx_HAL_Driver/Src/stm32f3xx_ll_utils.o
 .comment       0x00000043       0x44 ./lcd/lcd.o

.debug_frame    0x00000000     0x216c
 .debug_frame   0x00000000       0x7c ./Core/Src/adc.o
 .debug_frame   0x0000007c       0x34 ./Core/Src/gpio.o
 .debug_frame   0x000000b0       0x70 ./Core/Src/main.o
 .debug_frame   0x00000120      0x37c ./Core/Src/spi.o
 .debug_frame   0x0000049c       0x38 ./Core/Src/stm32f3xx_hal_msp.o
 .debug_frame   0x000004d4      0x104 ./Core/Src/stm32f3xx_it.o
 .debug_frame   0x000005d8       0x58 ./Core/Src/system_stm32f3xx.o
 .debug_frame   0x00000630      0x334 ./Drivers/STM32F3xx_HAL_Driver/Src/stm32f3xx_hal.o
 .debug_frame   0x00000964      0x638 ./Drivers/STM32F3xx_HAL_Driver/Src/stm32f3xx_hal_adc_ex.o
 .debug_frame   0x00000f9c      0x428 ./Drivers/STM32F3xx_HAL_Driver/Src/stm32f3xx_hal_cortex.o
 .debug_frame   0x000013c4      0x14c ./Drivers/STM32F3xx_HAL_Driver/Src/stm32f3xx_hal_gpio.o
 .debug_frame   0x00001510      0x214 ./Drivers/STM32F3xx_HAL_Driver/Src/stm32f3xx_hal_rcc.o
 .debug_frame   0x00001724       0xac ./Drivers/STM32F3xx_HAL_Driver/Src/stm32f3xx_hal_rcc_ex.o
 .debug_frame   0x000017d0      0x1c0 ./Drivers/STM32F3xx_HAL_Driver/Src/stm32f3xx_ll_gpio.o
 .debug_frame   0x00001990      0x148 ./Drivers/STM32F3xx_HAL_Driver/Src/stm32f3xx_ll_spi.o
 .debug_frame   0x00001ad8      0x3dc ./Drivers/STM32F3xx_HAL_Driver/Src/stm32f3xx_ll_utils.o
 .debug_frame   0x00001eb4      0x26c ./lcd/lcd.o
 .debug_frame   0x00002120       0x20 /home/godmaze/st/stm32cubeide_1.16.1/plugins/com.st.stm32cube.ide.mcu.externaltools.gnu-tools-for-stm32.12.3.rel1.linux64_1.0.200.202406132123/tools/bin/../lib/gcc/arm-none-eabi/12.3.1/../../../../arm-none-eabi/lib/thumb/v7e-m+fp/hard/libc_nano.a(libc_a-memset.o)
 .debug_frame   0x00002140       0x2c /home/godmaze/st/stm32cubeide_1.16.1/plugins/com.st.stm32cube.ide.mcu.externaltools.gnu-tools-for-stm32.12.3.rel1.linux64_1.0.200.202406132123/tools/bin/../lib/gcc/arm-none-eabi/12.3.1/../../../../arm-none-eabi/lib/thumb/v7e-m+fp/hard/libc_nano.a(libc_a-init.o)

.debug_line_str
                0x00000000       0x81
 .debug_line_str
                0x00000000       0x81 ./Core/Startup/startup_stm32f303k8tx.o
